[2026-08-26T17:21:32Z] guard started (interval 60s, free floor 3000000000 bytes)
[2026-08-26T17:21:32Z] free=18118762496B z16_17_134_kissat_proof=stopped(0B) z13_18_117_kissat_proof=stopped(0B) z16_17_133_kissat_proof=stopped(0B)
[2026-08-26T17:21:32Z] no proof-logged runs alive; guard exiting
[2026-08-26T17:22:07Z] guard started (interval 60s, free floor 3000000000 bytes)
[2026-08-26T17:22:07Z] free=18120228864B z16_17_134_kissat_proof=1376256B/7000000000B,rss=283184KB z13_18_117_kissat_proof=786432B/5000000000B,rss=192048KB z16_17_133_kissat_proof=stopped(0B)
[2026-08-26T17:23:07Z] free=18031280128B z16_17_134_kissat_proof=32440320B/7000000000B,rss=283184KB z13_18_117_kissat_proof=34275328B/5000000000B,rss=192048KB z16_17_133_kissat_proof=stopped(0B)
[2026-08-26T17:24:07Z] free=17970122752B z16_17_134_kissat_proof=62062592B/7000000000B,rss=273504KB z13_18_117_kissat_proof=65994752B/5000000000B,rss=187664KB z16_17_133_kissat_proof=stopped(0B)
[2026-08-26T17:25:08Z] free=17882841088B z16_17_134_kissat_proof=84344832B/7000000000B,rss=122160KB z13_18_117_kissat_proof=90636288B/5000000000B,rss=70096KB z16_17_133_kissat_proof=stopped(0B)
[2026-08-26T17:26:08Z] free=17787678720B z16_17_134_kissat_proof=100794368B/7000000000B,rss=181648KB z13_18_117_kissat_proof=109641728B/5000000000B,rss=170928KB z16_17_133_kissat_proof=stopped(0B)
[2026-08-26T17:27:08Z] free=17686474752B z16_17_134_kissat_proof=126091264B/7000000000B,rss=154896KB z13_18_117_kissat_proof=132513792B/5000000000B,rss=160736KB z16_17_133_kissat_proof=stopped(0B)
[2026-08-26T17:28:09Z] free=17576009728B z16_17_134_kissat_proof=146341888B/7000000000B,rss=154512KB z13_18_117_kissat_proof=159645696B/5000000000B,rss=135216KB z16_17_133_kissat_proof=stopped(0B)
[2026-08-26T17:29:09Z] free=17511526400B z16_17_134_kissat_proof=162988032B/7000000000B,rss=55648KB z13_18_117_kissat_proof=181534720B/5000000000B,rss=94304KB z16_17_133_kissat_proof=stopped(0B)
[2026-08-26T17:30:09Z] free=17420128256B z16_17_134_kissat_proof=186318848B/7000000000B,rss=117360KB z13_18_117_kissat_proof=201195520B/5000000000B,rss=92128KB z16_17_133_kissat_proof=stopped(0B)
[2026-08-26T17:31:09Z] free=17659879424B z16_17_134_kissat_proof=211288064B/7000000000B,rss=104128KB z13_18_117_kissat_proof=225509376B/5000000000B,rss=105136KB z16_17_133_kissat_proof=stopped(0B)
[2026-08-26T17:32:10Z] free=17567305728B z16_17_134_kissat_proof=228655104B/7000000000B,rss=85312KB z13_18_117_kissat_proof=242876416B/5000000000B,rss=114208KB z16_17_133_kissat_proof=stopped(0B)
[2026-08-26T17:33:10Z] free=17495830528B z16_17_134_kissat_proof=251002880B/7000000000B,rss=127280KB z13_18_117_kissat_proof=272826368B/5000000000B,rss=148464KB z16_17_133_kissat_proof=stopped(0B)
[2026-08-26T17:34:10Z] free=17417592832B z16_17_134_kissat_proof=274399232B/7000000000B,rss=155904KB z13_18_117_kissat_proof=298647552B/5000000000B,rss=147280KB z16_17_133_kissat_proof=stopped(0B)
[2026-08-26T17:35:10Z] free=17362677760B z16_17_134_kissat_proof=299106304B/7000000000B,rss=172432KB z13_18_117_kissat_proof=323420160B/5000000000B,rss=139792KB z16_17_133_kissat_proof=stopped(0B)
[2026-08-26T17:36:11Z] free=17337282560B z16_17_134_kissat_proof=309002240B/7000000000B,rss=126992KB z13_18_117_kissat_proof=334888960B/5000000000B,rss=96176KB z16_17_133_kissat_proof=stopped(0B)
[2026-08-26T17:37:11Z] free=17303195648B z16_17_134_kissat_proof=318373888B/7000000000B,rss=82688KB z13_18_117_kissat_proof=348454912B/5000000000B,rss=73808KB z16_17_133_kissat_proof=stopped(0B)
[2026-08-26T17:38:12Z] free=17274880000B z16_17_134_kissat_proof=333643776B/7000000000B,rss=97552KB z13_18_117_kissat_proof=355860480B/5000000000B,rss=122928KB z16_17_133_kissat_proof=stopped(0B)
[2026-08-26T17:39:12Z] free=17253273600B z16_17_134_kissat_proof=340066304B/7000000000B,rss=123616KB z13_18_117_kissat_proof=370868224B/5000000000B,rss=89824KB z16_17_133_kissat_proof=stopped(0B)
[2026-08-26T17:40:13Z] free=17223901184B z16_17_134_kissat_proof=355467264B/7000000000B,rss=119472KB z13_18_117_kissat_proof=382468096B/5000000000B,rss=72928KB z16_17_133_kissat_proof=stopped(0B)
[2026-08-26T17:41:13Z] free=17206730752B z16_17_134_kissat_proof=369885184B/7000000000B,rss=90912KB z13_18_117_kissat_proof=394592256B/5000000000B,rss=111248KB z16_17_133_kissat_proof=stopped(0B)
[2026-08-26T17:42:13Z] free=17189097472B z16_17_134_kissat_proof=378863616B/7000000000B,rss=91920KB z13_18_117_kissat_proof=400097280B/5000000000B,rss=125104KB z16_17_133_kissat_proof=stopped(0B)
[2026-08-26T17:43:14Z] free=17172000768B z16_17_134_kissat_proof=388890624B/7000000000B,rss=85136KB z13_18_117_kissat_proof=412090368B/5000000000B,rss=80336KB z16_17_133_kissat_proof=stopped(0B)
[2026-08-26T17:44:14Z] free=17149997056B z16_17_134_kissat_proof=397475840B/7000000000B,rss=103040KB z13_18_117_kissat_proof=427491328B/5000000000B,rss=94592KB z16_17_133_kissat_proof=stopped(0B)
[2026-08-26T17:45:15Z] free=17130967040B z16_17_134_kissat_proof=403963904B/7000000000B,rss=83600KB z13_18_117_kissat_proof=442499072B/5000000000B,rss=105712KB z16_17_133_kissat_proof=stopped(0B)
[2026-08-26T17:46:15Z] free=16654774272B z16_17_134_kissat_proof=417333248B/7000000000B,rss=98208KB z13_18_117_kissat_proof=450297856B/5000000000B,rss=141984KB z16_17_133_kissat_proof=stopped(0B)
[2026-08-26T17:47:15Z] free=16622673920B z16_17_134_kissat_proof=433848320B/7000000000B,rss=146656KB z13_18_117_kissat_proof=465698816B/5000000000B,rss=145680KB z16_17_133_kissat_proof=stopped(0B)
[2026-08-26T17:48:16Z] free=16590635008B z16_17_134_kissat_proof=444727296B/7000000000B,rss=62352KB z13_18_117_kissat_proof=481034240B/5000000000B,rss=71200KB z16_17_133_kissat_proof=stopped(0B)
[2026-08-26T17:49:16Z] free=16575426560B z16_17_134_kissat_proof=449249280B/7000000000B,rss=92672KB z13_18_117_kissat_proof=489226240B/5000000000B,rss=126000KB z16_17_133_kissat_proof=stopped(0B)
[2026-08-26T17:50:16Z] free=17001697280B z16_17_134_kissat_proof=460652544B/7000000000B,rss=135376KB z13_18_117_kissat_proof=503840768B/5000000000B,rss=151840KB z16_17_133_kissat_proof=stopped(0B)
[2026-08-26T17:51:17Z] free=16976732160B z16_17_134_kissat_proof=471334912B/7000000000B,rss=119808KB z13_18_117_kissat_proof=513343488B/5000000000B,rss=151392KB z16_17_133_kissat_proof=stopped(0B)
[2026-08-26T17:52:17Z] free=16953262080B z16_17_134_kissat_proof=482738176B/7000000000B,rss=118448KB z13_18_117_kissat_proof=520224768B/5000000000B,rss=146272KB z16_17_133_kissat_proof=stopped(0B)
[2026-08-26T17:53:17Z] free=16923877376B z16_17_134_kissat_proof=492765184B/7000000000B,rss=112784KB z13_18_117_kissat_proof=536739840B/5000000000B,rss=149456KB z16_17_133_kissat_proof=stopped(0B)
[2026-08-26T17:54:18Z] free=16902410240B z16_17_134_kissat_proof=500760576B/7000000000B,rss=134096KB z13_18_117_kissat_proof=547291136B/5000000000B,rss=151488KB z16_17_133_kissat_proof=stopped(0B)
[2026-08-26T17:55:18Z] free=16893370368B z16_17_134_kissat_proof=514916352B/7000000000B,rss=132416KB z13_18_117_kissat_proof=555483136B/5000000000B,rss=148912KB z16_17_133_kissat_proof=stopped(0B)
[2026-08-26T17:56:18Z] free=16872071168B z16_17_134_kissat_proof=520617984B/7000000000B,rss=144384KB z13_18_117_kissat_proof=567279616B/5000000000B,rss=182176KB z16_17_133_kissat_proof=stopped(0B)
[2026-08-26T17:57:19Z] free=16852492288B z16_17_134_kissat_proof=533725184B/7000000000B,rss=135792KB z13_18_117_kissat_proof=577830912B/5000000000B,rss=147696KB z16_17_133_kissat_proof=stopped(0B)
[2026-08-26T17:58:19Z] free=16834142208B z16_17_134_kissat_proof=542507008B/7000000000B,rss=154496KB z13_18_117_kissat_proof=586088448B/5000000000B,rss=137152KB z16_17_133_kissat_proof=stopped(0B)
[2026-08-26T17:59:19Z] free=16812363776B z16_17_134_kissat_proof=554172416B/7000000000B,rss=175616KB z13_18_117_kissat_proof=610402304B/5000000000B,rss=141760KB z16_17_133_kissat_proof=stopped(0B)
[2026-08-26T18:00:20Z] free=16775598080B z16_17_134_kissat_proof=569114624B/7000000000B,rss=196784KB z13_18_117_kissat_proof=624033792B/5000000000B,rss=136752KB z16_17_133_kissat_proof=stopped(0B)
[2026-08-26T18:01:20Z] free=16745660416B z16_17_134_kissat_proof=586940416B/7000000000B,rss=203392KB z13_18_117_kissat_proof=645791744B/5000000000B,rss=138160KB z16_17_133_kissat_proof=stopped(0B)
[2026-08-26T18:02:20Z] free=16717676544B z16_17_134_kissat_proof=593100800B/7000000000B,rss=125824KB z13_18_117_kissat_proof=653197312B/5000000000B,rss=114912KB z16_17_133_kissat_proof=stopped(0B)
[2026-08-26T18:03:21Z] free=16685256704B z16_17_134_kissat_proof=608829440B/7000000000B,rss=139392KB z13_18_117_kissat_proof=671809536B/5000000000B,rss=128480KB z16_17_133_kissat_proof=stopped(0B)
[2026-08-26T18:04:21Z] free=16663846912B z16_17_134_kissat_proof=621150208B/7000000000B,rss=142416KB z13_18_117_kissat_proof=685506560B/5000000000B,rss=166928KB z16_17_133_kissat_proof=stopped(0B)
[2026-08-26T18:05:22Z] free=16636772352B z16_17_134_kissat_proof=628621312B/7000000000B,rss=152336KB z13_18_117_kissat_proof=699858944B/5000000000B,rss=164608KB z16_17_133_kissat_proof=stopped(0B)
[2026-08-26T18:21:28Z] free=16615075840B z16_17_134_kissat_proof=635437056B/7000000000B,rss=138384KB z13_18_117_kissat_proof=705495040B/5000000000B,rss=112672KB z16_17_133_kissat_proof=stopped(0B)
[2026-08-26T18:36:27Z] free=16579989504B z16_17_134_kissat_proof=654901248B/7000000000B,rss=90432KB z13_18_117_kissat_proof=712441856B/5000000000B,rss=114128KB z16_17_133_kissat_proof=stopped(0B)
[2026-08-26T18:37:28Z] free=16543264768B z16_17_134_kissat_proof=667090944B/7000000000B,rss=70048KB z13_18_117_kissat_proof=722731008B/5000000000B,rss=71440KB z16_17_133_kissat_proof=stopped(0B)
[2026-08-26T18:38:28Z] free=16506220544B z16_17_134_kissat_proof=670433280B/7000000000B,rss=53536KB z13_18_117_kissat_proof=731447296B/5000000000B,rss=86848KB z16_17_133_kissat_proof=stopped(0B)
[2026-08-26T18:39:28Z] free=16483618816B z16_17_134_kissat_proof=676003840B/7000000000B,rss=88288KB z13_18_117_kissat_proof=746389504B/5000000000B,rss=83600KB z16_17_133_kissat_proof=stopped(0B)
[2026-08-26T18:40:29Z] free=16470048768B z16_17_134_kissat_proof=679280640B/7000000000B,rss=68000KB z13_18_117_kissat_proof=749862912B/5000000000B,rss=71072KB z16_17_133_kissat_proof=stopped(0B)
[2026-08-26T18:41:29Z] free=16455802880B z16_17_134_kissat_proof=687931392B/7000000000B,rss=83536KB z13_18_117_kissat_proof=754909184B/5000000000B,rss=107104KB z16_17_133_kissat_proof=stopped(0B)
[2026-08-26T18:42:29Z] free=16449351680B z16_17_134_kissat_proof=693764096B/7000000000B,rss=68320KB z13_18_117_kissat_proof=758251520B/5000000000B,rss=60880KB z16_17_133_kissat_proof=stopped(0B)
[2026-08-26T18:43:30Z] free=16427577344B z16_17_134_kissat_proof=702808064B/7000000000B,rss=91584KB z13_18_117_kissat_proof=765919232B/5000000000B,rss=70480KB z16_17_133_kissat_proof=stopped(0B)
[2026-08-26T18:44:30Z] free=16413405184B z16_17_134_kissat_proof=711262208B/7000000000B,rss=106864KB z13_18_117_kissat_proof=773390336B/5000000000B,rss=98944KB z16_17_133_kissat_proof=stopped(0B)
[2026-08-26T18:45:31Z] free=16384540672B z16_17_134_kissat_proof=725286912B/7000000000B,rss=103248KB z13_18_117_kissat_proof=785973248B/5000000000B,rss=81600KB z16_17_133_kissat_proof=stopped(0B)
[2026-08-26T18:46:31Z] free=15409823744B z16_17_134_kissat_proof=727908352B/7000000000B,rss=87840KB z13_18_117_kissat_proof=789250048B/5000000000B,rss=100768KB z16_17_133_kissat_proof=stopped(0B)
[2026-08-26T18:47:32Z] free=15403515904B z16_17_134_kissat_proof=730529792B/7000000000B,rss=91440KB z13_18_117_kissat_proof=792526848B/5000000000B,rss=115440KB z16_17_133_kissat_proof=stopped(0B)
[2026-08-26T18:48:32Z] free=15399419904B z16_17_134_kissat_proof=735379456B/7000000000B,rss=84256KB z13_18_117_kissat_proof=797376512B/5000000000B,rss=83824KB z16_17_133_kissat_proof=stopped(0B)
[2026-08-26T18:49:33Z] free=15382196224B z16_17_134_kissat_proof=738656256B/7000000000B,rss=74032KB z13_18_117_kissat_proof=804192256B/5000000000B,rss=71856KB z16_17_133_kissat_proof=stopped(0B)
[2026-08-26T18:50:33Z] free=15358640128B z16_17_134_kissat_proof=749142016B/7000000000B,rss=136656KB z13_18_117_kissat_proof=814153728B/5000000000B,rss=76288KB z16_17_133_kissat_proof=stopped(0B)
[2026-08-26T18:51:33Z] free=15335919616B z16_17_134_kissat_proof=760807424B/7000000000B,rss=128480KB z13_18_117_kissat_proof=825950208B/5000000000B,rss=80080KB z16_17_133_kissat_proof=stopped(0B)
[2026-08-26T18:52:34Z] free=15306444800B z16_17_134_kissat_proof=770899968B/7000000000B,rss=108512KB z13_18_117_kissat_proof=837419008B/5000000000B,rss=70608KB z16_17_133_kissat_proof=stopped(0B)
[2026-08-26T18:53:34Z] free=15280357376B z16_17_134_kissat_proof=783941632B/7000000000B,rss=105728KB z13_18_117_kissat_proof=849149952B/5000000000B,rss=129344KB z16_17_133_kissat_proof=stopped(0B)
[2026-08-26T18:54:35Z] free=15278747648B z16_17_134_kissat_proof=787742720B/7000000000B,rss=99424KB z13_18_117_kissat_proof=853737472B/5000000000B,rss=79504KB z16_17_133_kissat_proof=stopped(0B)
[2026-08-26T18:55:35Z] free=15262257152B z16_17_134_kissat_proof=793116672B/7000000000B,rss=89440KB z13_18_117_kissat_proof=862912512B/5000000000B,rss=124368KB z16_17_133_kissat_proof=stopped(0B)
[2026-08-26T18:56:36Z] free=15251673088B z16_17_134_kissat_proof=797835264B/7000000000B,rss=75072KB z13_18_117_kissat_proof=874577920B/5000000000B,rss=113200KB z16_17_133_kissat_proof=stopped(0B)
[2026-08-26T18:57:37Z] free=15236231168B z16_17_134_kissat_proof=809893888B/7000000000B,rss=87328KB z13_18_117_kissat_proof=884211712B/5000000000B,rss=76352KB z16_17_133_kissat_proof=stopped(0B)
[2026-08-26T18:58:37Z] free=15208828928B z16_17_134_kissat_proof=817692672B/7000000000B,rss=85392KB z13_18_117_kissat_proof=892993536B/5000000000B,rss=130080KB z16_17_133_kissat_proof=stopped(0B)
[2026-08-26T18:59:38Z] free=15159595008B z16_17_134_kissat_proof=829554688B/7000000000B,rss=68000KB z13_18_117_kissat_proof=899547136B/5000000000B,rss=66944KB z16_17_133_kissat_proof=stopped(0B)
[2026-08-26T19:20:43Z] free=15135023104B z16_17_134_kissat_proof=839450624B/7000000000B,rss=95920KB z13_18_117_kissat_proof=907739136B/5000000000B,rss=84640KB z16_17_133_kissat_proof=stopped(0B)
[2026-08-26T19:21:44Z] free=15116288000B z16_17_134_kissat_proof=843186176B/7000000000B,rss=79920KB z13_18_117_kissat_proof=922746880B/5000000000B,rss=86816KB z16_17_133_kissat_proof=stopped(0B)
[2026-08-26T19:22:45Z] free=15093637120B z16_17_134_kissat_proof=847577088B/7000000000B,rss=84304KB z13_18_117_kissat_proof=939524096B/5000000000B,rss=97440KB z16_17_133_kissat_proof=stopped(0B)
[2026-08-26T19:23:45Z] free=15067328512B z16_17_134_kissat_proof=860094464B/7000000000B,rss=84640KB z13_18_117_kissat_proof=950468608B/5000000000B,rss=79088KB z16_17_133_kissat_proof=stopped(0B)
[2026-08-26T19:24:46Z] free=15049695232B z16_17_134_kissat_proof=874840064B/7000000000B,rss=77296KB z13_18_117_kissat_proof=967442432B/5000000000B,rss=66800KB z16_17_133_kissat_proof=stopped(0B)
[2026-08-26T19:25:46Z] free=15025537024B z16_17_134_kissat_proof=888864768B/7000000000B,rss=138656KB z13_18_117_kissat_proof=976683008B/5000000000B,rss=127280KB z16_17_133_kissat_proof=stopped(0B)
[2026-08-26T19:26:46Z] free=15011291136B z16_17_134_kissat_proof=895352832B/7000000000B,rss=98832KB z13_18_117_kissat_proof=984088576B/5000000000B,rss=82512KB z16_17_133_kissat_proof=stopped(0B)
[2026-08-26T19:27:47Z] free=14993453056B z16_17_134_kissat_proof=898564096B/7000000000B,rss=99408KB z13_18_117_kissat_proof=998965248B/5000000000B,rss=102848KB z16_17_133_kissat_proof=stopped(0B)
[2026-08-26T19:28:47Z] free=14961872896B z16_17_134_kissat_proof=911212544B/7000000000B,rss=101088KB z13_18_117_kissat_proof=1016987648B/5000000000B,rss=93040KB z16_17_133_kissat_proof=stopped(0B)
[2026-08-26T19:29:47Z] free=14932086784B z16_17_134_kissat_proof=920387584B/7000000000B,rss=160128KB z13_18_117_kissat_proof=1033830400B/5000000000B,rss=108976KB z16_17_133_kissat_proof=stopped(0B)
[2026-08-26T19:30:48Z] free=14917488640B z16_17_134_kissat_proof=929628160B/7000000000B,rss=103472KB z13_18_117_kissat_proof=1043595264B/5000000000B,rss=107856KB z16_17_133_kissat_proof=stopped(0B)
[2026-08-26T19:31:48Z] free=14900551680B z16_17_134_kissat_proof=936443904B/7000000000B,rss=101648KB z13_18_117_kissat_proof=1047592960B/5000000000B,rss=90464KB z16_17_133_kissat_proof=stopped(0B)
[2026-08-26T19:32:49Z] free=14886354944B z16_17_134_kissat_proof=940638208B/7000000000B,rss=100432KB z13_18_117_kissat_proof=1055522816B/5000000000B,rss=112640KB z16_17_133_kissat_proof=stopped(0B)
[2026-08-26T19:33:49Z] free=14871736320B z16_17_134_kissat_proof=947388416B/7000000000B,rss=88624KB z13_18_117_kissat_proof=1066663936B/5000000000B,rss=112144KB z16_17_133_kissat_proof=stopped(0B)
[2026-08-26T19:34:49Z] free=14869237760B z16_17_134_kissat_proof=957087744B/7000000000B,rss=109648KB z13_18_117_kissat_proof=1078263808B/5000000000B,rss=118656KB z16_17_133_kissat_proof=stopped(0B)
[2026-08-26T19:35:50Z] free=14850990080B z16_17_134_kissat_proof=964886528B/7000000000B,rss=164240KB z13_18_117_kissat_proof=1084620800B/5000000000B,rss=98768KB z16_17_133_kissat_proof=stopped(0B)
[2026-08-26T19:36:50Z] free=14832214016B z16_17_134_kissat_proof=977338368B/7000000000B,rss=123680KB z13_18_117_kissat_proof=1089863680B/5000000000B,rss=108288KB z16_17_133_kissat_proof=stopped(0B)
[2026-08-26T19:37:51Z] free=14818873344B z16_17_134_kissat_proof=985202688B/7000000000B,rss=120032KB z13_18_117_kissat_proof=1094778880B/5000000000B,rss=123600KB z16_17_133_kissat_proof=stopped(0B)
[2026-08-26T19:38:51Z] free=14802788352B z16_17_134_kissat_proof=990642176B/7000000000B,rss=138384KB z13_18_117_kissat_proof=1105330176B/5000000000B,rss=118096KB z16_17_133_kissat_proof=stopped(0B)
[2026-08-26T19:39:51Z] free=14784303104B z16_17_134_kissat_proof=1003159552B/7000000000B,rss=110528KB z13_18_117_kissat_proof=1119485952B/5000000000B,rss=130368KB z16_17_133_kissat_proof=stopped(0B)
[2026-08-26T19:41:32Z] free=14743924736B z16_17_134_kissat_proof=1016725504B/7000000000B,rss=81088KB z13_18_117_kissat_proof=1133903872B/5000000000B,rss=102992KB z16_17_133_kissat_proof=stopped(0B)
[2026-08-26T19:42:33Z] free=14715633664B z16_17_134_kissat_proof=1031667712B/7000000000B,rss=151120KB z13_18_117_kissat_proof=1144520704B/5000000000B,rss=77376KB z16_17_133_kissat_proof=stopped(0B)
[2026-08-26T19:43:33Z] free=14697521152B z16_17_134_kissat_proof=1041235968B/7000000000B,rss=138608KB z13_18_117_kissat_proof=1153499136B/5000000000B,rss=131552KB z16_17_133_kissat_proof=stopped(0B)
[2026-08-26T19:44:33Z] free=14680940544B z16_17_134_kissat_proof=1048444928B/7000000000B,rss=136176KB z13_18_117_kissat_proof=1159593984B/5000000000B,rss=127904KB z16_17_133_kissat_proof=stopped(0B)
[2026-08-26T19:45:34Z] free=14664077312B z16_17_134_kissat_proof=1056636928B/7000000000B,rss=128144KB z13_18_117_kissat_proof=1166868480B/5000000000B,rss=136416KB z16_17_133_kissat_proof=stopped(0B)
[2026-08-26T19:46:34Z] free=14639640576B z16_17_134_kissat_proof=1067909120B/7000000000B,rss=98464KB z13_18_117_kissat_proof=1181351936B/5000000000B,rss=132976KB z16_17_133_kissat_proof=stopped(0B)
[2026-08-26T19:47:35Z] free=14611496960B z16_17_134_kissat_proof=1080623104B/7000000000B,rss=103696KB z13_18_117_kissat_proof=1193148416B/5000000000B,rss=96832KB z16_17_133_kissat_proof=stopped(0B)
[2026-08-26T19:48:35Z] free=14585622528B z16_17_134_kissat_proof=1091502080B/7000000000B,rss=97968KB z13_18_117_kissat_proof=1206386688B/5000000000B,rss=122144KB z16_17_133_kissat_proof=stopped(0B)
[2026-08-26T19:49:36Z] free=15155027968B z16_17_134_kissat_proof=1101201408B/7000000000B,rss=74080KB z13_18_117_kissat_proof=1214119936B/5000000000B,rss=80192KB z16_17_133_kissat_proof=stopped(0B)
[2026-08-26T19:50:36Z] free=15122661376B z16_17_134_kissat_proof=1105330176B/7000000000B,rss=53056KB z13_18_117_kissat_proof=1216610304B/5000000000B,rss=84768KB z16_17_133_kissat_proof=stopped(0B)
[2026-08-26T19:51:37Z] free=14755815424B z16_17_134_kissat_proof=1117519872B/7000000000B,rss=91632KB z13_18_117_kissat_proof=1219297280B/5000000000B,rss=71440KB z16_17_133_kissat_proof=stopped(0B)
[2026-08-26T19:52:38Z] free=15144632320B z16_17_134_kissat_proof=1124663296B/7000000000B,rss=98400KB z13_18_117_kissat_proof=1223360512B/5000000000B,rss=104224KB z16_17_133_kissat_proof=stopped(0B)
[2026-08-26T19:53:38Z] free=15122604032B z16_17_134_kissat_proof=1134297088B/7000000000B,rss=99168KB z13_18_117_kissat_proof=1233846272B/5000000000B,rss=82912KB z16_17_133_kissat_proof=stopped(0B)
[2026-08-26T19:54:39Z] free=15154810880B z16_17_134_kissat_proof=1137049600B/7000000000B,rss=63808KB z13_18_117_kissat_proof=1239220224B/5000000000B,rss=62384KB z16_17_133_kissat_proof=stopped(0B)
[2026-08-26T19:55:40Z] free=15074045952B z16_17_134_kissat_proof=1138556928B/7000000000B,rss=68864KB z13_18_117_kissat_proof=1245118464B/5000000000B,rss=58864KB z16_17_133_kissat_proof=stopped(0B)
[2026-08-26T19:56:41Z] free=15059300352B z16_17_134_kissat_proof=1141440512B/7000000000B,rss=74496KB z13_18_117_kissat_proof=1255145472B/5000000000B,rss=92192KB z16_17_133_kissat_proof=stopped(0B)
[2026-08-26T19:57:41Z] free=15041298432B z16_17_134_kissat_proof=1146617856B/7000000000B,rss=71168KB z13_18_117_kissat_proof=1264713728B/5000000000B,rss=73360KB z16_17_133_kissat_proof=stopped(0B)
[2026-08-26T19:58:41Z] free=15026315264B z16_17_134_kissat_proof=1154351104B/7000000000B,rss=83616KB z13_18_117_kissat_proof=1271005184B/5000000000B,rss=73936KB z16_17_133_kissat_proof=stopped(0B)
[2026-08-26T19:59:42Z] free=15012052992B z16_17_134_kissat_proof=1163788288B/7000000000B,rss=144976KB z13_18_117_kissat_proof=1277427712B/5000000000B,rss=99696KB z16_17_133_kissat_proof=stopped(0B)
[2026-08-26T20:00:42Z] free=14989266944B z16_17_134_kissat_proof=1172439040B/7000000000B,rss=60672KB z13_18_117_kissat_proof=1284177920B/5000000000B,rss=56768KB z16_17_133_kissat_proof=stopped(0B)
[2026-08-26T20:01:43Z] free=14976462848B z16_17_134_kissat_proof=1179648000B/7000000000B,rss=67344KB z13_18_117_kissat_proof=1291255808B/5000000000B,rss=84640KB z16_17_133_kissat_proof=stopped(0B)
[2026-08-26T20:02:43Z] free=14953754624B z16_17_134_kissat_proof=1190199296B/7000000000B,rss=83104KB z13_18_117_kissat_proof=1299578880B/5000000000B,rss=66656KB z16_17_133_kissat_proof=stopped(0B)
[2026-08-26T20:03:44Z] free=14937690112B z16_17_134_kissat_proof=1200422912B/7000000000B,rss=96000KB z13_18_117_kissat_proof=1306984448B/5000000000B,rss=91984KB z16_17_133_kissat_proof=stopped(0B)
[2026-08-26T20:04:45Z] free=14920646656B z16_17_134_kissat_proof=1205665792B/7000000000B,rss=70960KB z13_18_117_kissat_proof=1318453248B/5000000000B,rss=79296KB z16_17_133_kissat_proof=stopped(0B)
[2026-08-26T20:05:45Z] free=14898479104B z16_17_134_kissat_proof=1209597952B/7000000000B,rss=88816KB z13_18_117_kissat_proof=1333854208B/5000000000B,rss=95712KB z16_17_133_kissat_proof=stopped(0B)
[2026-08-26T20:06:46Z] free=14886449152B z16_17_134_kissat_proof=1212940288B/7000000000B,rss=71296KB z13_18_117_kissat_proof=1343619072B/5000000000B,rss=86368KB z16_17_133_kissat_proof=stopped(0B)
[2026-08-26T20:07:47Z] free=14873202688B z16_17_134_kissat_proof=1218445312B/7000000000B,rss=73072KB z13_18_117_kissat_proof=1349844992B/5000000000B,rss=71488KB z16_17_133_kissat_proof=stopped(0B)
[2026-08-26T20:08:47Z] free=14855516160B z16_17_134_kissat_proof=1228800000B/7000000000B,rss=103056KB z13_18_117_kissat_proof=1356070912B/5000000000B,rss=97120KB z16_17_133_kissat_proof=stopped(0B)
[2026-08-26T20:09:48Z] free=14833516544B z16_17_134_kissat_proof=1238499328B/7000000000B,rss=199936KB z13_18_117_kissat_proof=1367343104B/5000000000B,rss=77888KB z16_17_133_kissat_proof=stopped(0B)
[2026-08-26T20:10:48Z] free=14805647360B z16_17_134_kissat_proof=1252327424B/7000000000B,rss=131520KB z13_18_117_kissat_proof=1379336192B/5000000000B,rss=94032KB z16_17_133_kissat_proof=stopped(0B)
[2026-08-26T20:11:48Z] free=14852976640B z16_17_134_kissat_proof=1261371392B/7000000000B,rss=77008KB z13_18_117_kissat_proof=1387790336B/5000000000B,rss=62704KB z16_17_133_kissat_proof=stopped(0B)
[2026-08-26T20:12:49Z] free=14832484352B z16_17_134_kissat_proof=1265827840B/7000000000B,rss=77440KB z13_18_117_kissat_proof=1401421824B/5000000000B,rss=78096KB z16_17_133_kissat_proof=stopped(0B)
[2026-08-26T20:13:50Z] free=14490636288B z16_17_134_kissat_proof=1270939648B/7000000000B,rss=113520KB z13_18_117_kissat_proof=1407188992B/5000000000B,rss=59536KB z16_17_133_kissat_proof=stopped(0B)
[2026-08-26T20:14:50Z] free=14479368192B z16_17_134_kissat_proof=1275002880B/7000000000B,rss=89808KB z13_18_117_kissat_proof=1411776512B/5000000000B,rss=66832KB z16_17_133_kissat_proof=stopped(0B)
[2026-08-26T20:15:51Z] free=14462423040B z16_17_134_kissat_proof=1278672896B/7000000000B,rss=85696KB z13_18_117_kissat_proof=1423769600B/5000000000B,rss=97792KB z16_17_133_kissat_proof=stopped(0B)
[2026-08-26T20:16:51Z] free=14451462144B z16_17_134_kissat_proof=1282473984B/7000000000B,rss=66480KB z13_18_117_kissat_proof=1429471232B/5000000000B,rss=90944KB z16_17_133_kissat_proof=stopped(0B)
[2026-08-26T20:17:52Z] free=14423851008B z16_17_134_kissat_proof=1291517952B/7000000000B,rss=102864KB z13_18_117_kissat_proof=1445527552B/5000000000B,rss=97440KB z16_17_133_kissat_proof=stopped(0B)
[2026-08-26T20:18:52Z] free=14396588032B z16_17_134_kissat_proof=1306132480B/7000000000B,rss=89680KB z13_18_117_kissat_proof=1459290112B/5000000000B,rss=95616KB z16_17_133_kissat_proof=stopped(0B)
[2026-08-26T20:19:52Z] free=14373847040B z16_17_134_kissat_proof=1319370752B/7000000000B,rss=79200KB z13_18_117_kissat_proof=1465647104B/5000000000B,rss=74960KB z16_17_133_kissat_proof=stopped(0B)
[2026-08-26T20:20:53Z] free=14363037696B z16_17_134_kissat_proof=1333002240B/7000000000B,rss=115520KB z13_18_117_kissat_proof=1472528384B/5000000000B,rss=93104KB z16_17_133_kissat_proof=stopped(0B)
[2026-08-26T20:21:53Z] free=14339190784B z16_17_134_kissat_proof=1344012288B/7000000000B,rss=99808KB z13_18_117_kissat_proof=1483866112B/5000000000B,rss=88880KB z16_17_133_kissat_proof=stopped(0B)
[2026-08-26T20:22:53Z] free=14320599040B z16_17_134_kissat_proof=1350369280B/7000000000B,rss=111584KB z13_18_117_kissat_proof=1498415104B/5000000000B,rss=72512KB z16_17_133_kissat_proof=stopped(0B)
[2026-08-26T20:23:54Z] free=14301077504B z16_17_134_kissat_proof=1354956800B/7000000000B,rss=90416KB z13_18_117_kissat_proof=1511915520B/5000000000B,rss=71648KB z16_17_133_kissat_proof=stopped(0B)
[2026-08-26T20:24:54Z] free=14287097856B z16_17_134_kissat_proof=1358692352B/7000000000B,rss=60096KB z13_18_117_kissat_proof=1519190016B/5000000000B,rss=53376KB z16_17_133_kissat_proof=stopped(0B)
[2026-08-26T20:25:55Z] free=14269837312B z16_17_134_kissat_proof=1364918272B/7000000000B,rss=69264KB z13_18_117_kissat_proof=1530855424B/5000000000B,rss=75712KB z16_17_133_kissat_proof=stopped(0B)
[2026-08-26T20:26:56Z] free=14246887424B z16_17_134_kissat_proof=1370619904B/7000000000B,rss=96384KB z13_18_117_kissat_proof=1545011200B/5000000000B,rss=94864KB z16_17_133_kissat_proof=stopped(0B)
[2026-08-26T20:27:56Z] free=14232727552B z16_17_134_kissat_proof=1377894400B/7000000000B,rss=113904KB z13_18_117_kissat_proof=1550778368B/5000000000B,rss=62560KB z16_17_133_kissat_proof=stopped(0B)
[2026-08-26T20:28:57Z] free=14221950976B z16_17_134_kissat_proof=1384120320B/7000000000B,rss=77392KB z13_18_117_kissat_proof=1553203200B/5000000000B,rss=68928KB z16_17_133_kissat_proof=stopped(0B)
[2026-08-26T20:33:11Z] free=14225526784B z16_17_134_kissat_proof=1388314624B/7000000000B,rss=76960KB z13_18_117_kissat_proof=1556348928B/5000000000B,rss=55728KB z16_17_133_kissat_proof=stopped(0B)
[2026-08-26T20:34:11Z] free=14203252736B z16_17_134_kissat_proof=1392181248B/7000000000B,rss=97232KB z13_18_117_kissat_proof=1571684352B/5000000000B,rss=109808KB z16_17_133_kissat_proof=stopped(0B)
[2026-08-26T20:35:11Z] free=14181691392B z16_17_134_kissat_proof=1398734848B/7000000000B,rss=88288KB z13_18_117_kissat_proof=1586036736B/5000000000B,rss=106176KB z16_17_133_kissat_proof=stopped(0B)
[2026-08-26T20:36:12Z] free=14167511040B z16_17_134_kissat_proof=1403846656B/7000000000B,rss=76736KB z13_18_117_kissat_proof=1597505536B/5000000000B,rss=104688KB z16_17_133_kissat_proof=stopped(0B)
[2026-08-26T20:37:12Z] free=14146387968B z16_17_134_kissat_proof=1410727936B/7000000000B,rss=67168KB z13_18_117_kissat_proof=1610547200B/5000000000B,rss=134592KB z16_17_133_kissat_proof=stopped(0B)
[2026-08-26T20:38:12Z] free=14135975936B z16_17_134_kissat_proof=1418461184B/7000000000B,rss=90048KB z13_18_117_kissat_proof=1619001344B/5000000000B,rss=119968KB z16_17_133_kissat_proof=stopped(0B)
[2026-08-26T20:39:13Z] free=14116225024B z16_17_134_kissat_proof=1424490496B/7000000000B,rss=90160KB z13_18_117_kissat_proof=1624899584B/5000000000B,rss=77312KB z16_17_133_kissat_proof=stopped(0B)
[2026-08-26T20:40:13Z] free=14102056960B z16_17_134_kissat_proof=1437138944B/7000000000B,rss=99616KB z13_18_117_kissat_proof=1629224960B/5000000000B,rss=78080KB z16_17_133_kissat_proof=stopped(0B)
[2026-08-26T20:41:13Z] free=14081314816B z16_17_134_kissat_proof=1448411136B/7000000000B,rss=98128KB z13_18_117_kissat_proof=1638465536B/5000000000B,rss=121136KB z16_17_133_kissat_proof=stopped(0B)
[2026-08-26T20:42:14Z] free=14055071744B z16_17_134_kissat_proof=1461977088B/7000000000B,rss=119616KB z13_18_117_kissat_proof=1654063104B/5000000000B,rss=111248KB z16_17_133_kissat_proof=stopped(0B)
[2026-08-26T20:43:14Z] free=14027268096B z16_17_134_kissat_proof=1474232320B/7000000000B,rss=103504KB z13_18_117_kissat_proof=1668546560B/5000000000B,rss=100496KB z16_17_133_kissat_proof=stopped(0B)
[2026-08-26T20:44:15Z] free=14002429952B z16_17_134_kissat_proof=1486356480B/7000000000B,rss=103792KB z13_18_117_kissat_proof=1680998400B/5000000000B,rss=104512KB z16_17_133_kissat_proof=stopped(0B)
[2026-08-26T20:45:15Z] free=13974106112B z16_17_134_kissat_proof=1493434368B/7000000000B,rss=103408KB z13_18_117_kissat_proof=1695744000B/5000000000B,rss=103536KB z16_17_133_kissat_proof=stopped(0B)
[2026-08-26T20:46:16Z] free=13956599808B z16_17_134_kissat_proof=1502085120B/7000000000B,rss=104832KB z13_18_117_kissat_proof=1703804928B/5000000000B,rss=122576KB z16_17_133_kissat_proof=stopped(0B)
[2026-08-26T20:47:16Z] free=13932335104B z16_17_134_kissat_proof=1519386624B/7000000000B,rss=103088KB z13_18_117_kissat_proof=1709113344B/5000000000B,rss=98768KB z16_17_133_kissat_proof=stopped(0B)
[2026-08-26T20:48:17Z] free=13912133632B z16_17_134_kissat_proof=1532231680B/7000000000B,rss=99408KB z13_18_117_kissat_proof=1714225152B/5000000000B,rss=99120KB z16_17_133_kissat_proof=stopped(0B)
[2026-08-26T20:49:17Z] free=13904576512B z16_17_134_kissat_proof=1536491520B/7000000000B,rss=124960KB z13_18_117_kissat_proof=1719730176B/5000000000B,rss=128096KB z16_17_133_kissat_proof=stopped(0B)
[2026-08-26T20:50:17Z] free=13883289600B z16_17_134_kissat_proof=1542520832B/7000000000B,rss=104240KB z13_18_117_kissat_proof=1732640768B/5000000000B,rss=106224KB z16_17_133_kissat_proof=stopped(0B)
[2026-08-26T20:51:18Z] free=13870882816B z16_17_134_kissat_proof=1549795328B/7000000000B,rss=74688KB z13_18_117_kissat_proof=1742340096B/5000000000B,rss=101584KB z16_17_133_kissat_proof=stopped(0B)
[2026-08-26T20:52:18Z] free=13857697792B z16_17_134_kissat_proof=1560084480B/7000000000B,rss=83104KB z13_18_117_kissat_proof=1751121920B/5000000000B,rss=89568KB z16_17_133_kissat_proof=stopped(0B)
[2026-08-26T20:53:19Z] free=13844824064B z16_17_134_kissat_proof=1568407552B/7000000000B,rss=131072KB z13_18_117_kissat_proof=1767571456B/5000000000B,rss=103232KB z16_17_133_kissat_proof=stopped(0B)
[2026-08-26T20:54:19Z] free=13820829696B z16_17_134_kissat_proof=1579155456B/7000000000B,rss=134528KB z13_18_117_kissat_proof=1781137408B/5000000000B,rss=136848KB z16_17_133_kissat_proof=stopped(0B)
[2026-08-26T20:55:20Z] free=13800300544B z16_17_134_kissat_proof=1587478528B/7000000000B,rss=127920KB z13_18_117_kissat_proof=1786183680B/5000000000B,rss=85056KB z16_17_133_kissat_proof=stopped(0B)
[2026-08-26T20:56:20Z] free=13778100224B z16_17_134_kissat_proof=1602289664B/7000000000B,rss=100352KB z13_18_117_kissat_proof=1792999424B/5000000000B,rss=80896KB z16_17_133_kissat_proof=stopped(0B)
[2026-08-26T20:57:20Z] free=13764337664B z16_17_134_kissat_proof=1612513280B/7000000000B,rss=119904KB z13_18_117_kissat_proof=1798176768B/5000000000B,rss=90176KB z16_17_133_kissat_proof=stopped(0B)
[2026-08-26T20:58:21Z] free=13743980544B z16_17_134_kissat_proof=1620312064B/7000000000B,rss=111808KB z13_18_117_kissat_proof=1806893056B/5000000000B,rss=93168KB z16_17_133_kissat_proof=stopped(0B)
[2026-08-26T20:59:21Z] free=13719838720B z16_17_134_kissat_proof=1633943552B/7000000000B,rss=109600KB z13_18_117_kissat_proof=1819148288B/5000000000B,rss=101104KB z16_17_133_kissat_proof=stopped(0B)
[2026-08-26T21:00:21Z] free=13694689280B z16_17_134_kissat_proof=1644232704B/7000000000B,rss=177664KB z13_18_117_kissat_proof=1831993344B/5000000000B,rss=115488KB z16_17_133_kissat_proof=stopped(0B)
[2026-08-26T21:01:22Z] free=13677572096B z16_17_134_kissat_proof=1653080064B/7000000000B,rss=122256KB z13_18_117_kissat_proof=1839529984B/5000000000B,rss=83264KB z16_17_133_kissat_proof=stopped(0B)
[2026-08-26T21:02:23Z] free=13646295040B z16_17_134_kissat_proof=1658585088B/7000000000B,rss=90224KB z13_18_117_kissat_proof=1856962560B/5000000000B,rss=89344KB z16_17_133_kissat_proof=stopped(0B)
[2026-08-26T21:03:23Z] free=13628579840B z16_17_134_kissat_proof=1663893504B/7000000000B,rss=99888KB z13_18_117_kissat_proof=1869021184B/5000000000B,rss=111792KB z16_17_133_kissat_proof=stopped(0B)
[2026-08-26T21:04:23Z] free=13613809664B z16_17_134_kissat_proof=1668284416B/7000000000B,rss=97632KB z13_18_117_kissat_proof=1875312640B/5000000000B,rss=126672KB z16_17_133_kissat_proof=stopped(0B)
[2026-08-26T21:05:24Z] free=13603971072B z16_17_134_kissat_proof=1672282112B/7000000000B,rss=83328KB z13_18_117_kissat_proof=1880096768B/5000000000B,rss=64288KB z16_17_133_kissat_proof=stopped(0B)
[2026-08-26T21:06:24Z] free=13588004864B z16_17_134_kissat_proof=1683292160B/7000000000B,rss=75744KB z13_18_117_kissat_proof=1885732864B/5000000000B,rss=80400KB z16_17_133_kissat_proof=stopped(0B)
[2026-08-26T21:07:24Z] free=13559513088B z16_17_134_kissat_proof=1694105600B/7000000000B,rss=85952KB z13_18_117_kissat_proof=1901658112B/5000000000B,rss=102976KB z16_17_133_kissat_proof=stopped(0B)
[2026-08-26T21:08:25Z] free=13535444992B z16_17_134_kissat_proof=1704853504B/7000000000B,rss=81456KB z13_18_117_kissat_proof=1916076032B/5000000000B,rss=76608KB z16_17_133_kissat_proof=stopped(0B)
[2026-08-26T21:09:25Z] free=13513768960B z16_17_134_kissat_proof=1714225152B/7000000000B,rss=77264KB z13_18_117_kissat_proof=1923809280B/5000000000B,rss=76208KB z16_17_133_kissat_proof=stopped(0B)
[2026-08-26T21:10:25Z] free=13486284800B z16_17_134_kissat_proof=1730674688B/7000000000B,rss=92944KB z13_18_117_kissat_proof=1935998976B/5000000000B,rss=80080KB z16_17_133_kissat_proof=stopped(0B)
[2026-08-26T21:11:26Z] free=13471744000B z16_17_134_kissat_proof=1737949184B/7000000000B,rss=136496KB z13_18_117_kissat_proof=1947205632B/5000000000B,rss=96608KB z16_17_133_kissat_proof=stopped(0B)
[2026-08-26T21:12:26Z] free=13454966784B z16_17_134_kissat_proof=1746862080B/7000000000B,rss=81456KB z13_18_117_kissat_proof=1956380672B/5000000000B,rss=135024KB z16_17_133_kissat_proof=stopped(0B)
[2026-08-26T21:13:26Z] free=13438611456B z16_17_134_kissat_proof=1751515136B/7000000000B,rss=63488KB z13_18_117_kissat_proof=1965686784B/5000000000B,rss=79872KB z16_17_133_kissat_proof=stopped(0B)
[2026-08-26T21:14:27Z] free=13423992832B z16_17_134_kissat_proof=1757872128B/7000000000B,rss=84992KB z13_18_117_kissat_proof=1972371456B/5000000000B,rss=99472KB z16_17_133_kissat_proof=stopped(0B)
[2026-08-26T21:15:27Z] free=13407440896B z16_17_134_kissat_proof=1766129664B/7000000000B,rss=94560KB z13_18_117_kissat_proof=1977286656B/5000000000B,rss=80352KB z16_17_133_kissat_proof=stopped(0B)
[2026-08-26T21:16:27Z] free=13377417216B z16_17_134_kissat_proof=1780875264B/7000000000B,rss=96224KB z13_18_117_kissat_proof=1990852608B/5000000000B,rss=96368KB z16_17_133_kissat_proof=stopped(0B)
[2026-08-26T21:17:28Z] free=13361889280B z16_17_134_kissat_proof=1792868352B/7000000000B,rss=160000KB z13_18_117_kissat_proof=2002386944B/5000000000B,rss=142352KB z16_17_133_kissat_proof=stopped(0B)
[2026-08-26T21:18:28Z] free=13338726400B z16_17_134_kissat_proof=1806827520B/7000000000B,rss=108064KB z13_18_117_kissat_proof=2018050048B/5000000000B,rss=112752KB z16_17_133_kissat_proof=stopped(0B)
[2026-08-26T21:19:28Z] free=13308354560B z16_17_134_kissat_proof=1812725760B/7000000000B,rss=101920KB z13_18_117_kissat_proof=2029780992B/5000000000B,rss=116544KB z16_17_133_kissat_proof=stopped(0B)
[2026-08-26T21:20:29Z] free=13289177088B z16_17_134_kissat_proof=1817313280B/7000000000B,rss=70672KB z13_18_117_kissat_proof=2042953728B/5000000000B,rss=80272KB z16_17_133_kissat_proof=stopped(0B)
[2026-08-26T21:21:29Z] free=13273473024B z16_17_134_kissat_proof=1821048832B/7000000000B,rss=69552KB z13_18_117_kissat_proof=2056126464B/5000000000B,rss=83936KB z16_17_133_kissat_proof=stopped(0B)
[2026-08-26T21:22:29Z] free=13260206080B z16_17_134_kissat_proof=1825308672B/7000000000B,rss=83680KB z13_18_117_kissat_proof=2064449536B/5000000000B,rss=112240KB z16_17_133_kissat_proof=stopped(0B)
[2026-08-26T21:23:30Z] free=13240475648B z16_17_134_kissat_proof=1836580864B/7000000000B,rss=141136KB z13_18_117_kissat_proof=2075787264B/5000000000B,rss=99920KB z16_17_133_kissat_proof=stopped(0B)
[2026-08-26T21:24:30Z] free=13251665920B z16_17_134_kissat_proof=1845755904B/7000000000B,rss=187488KB z13_18_117_kissat_proof=2085093376B/5000000000B,rss=101600KB z16_17_133_kissat_proof=stopped(0B)
[2026-08-26T21:25:30Z] free=13233664000B z16_17_134_kissat_proof=1857028096B/7000000000B,rss=103568KB z13_18_117_kissat_proof=2093875200B/5000000000B,rss=119888KB z16_17_133_kissat_proof=stopped(0B)
[2026-08-26T21:26:31Z] free=13213777920B z16_17_134_kissat_proof=1868824576B/7000000000B,rss=98864KB z13_18_117_kissat_proof=2100101120B/5000000000B,rss=104000KB z16_17_133_kissat_proof=stopped(0B)
[2026-08-26T21:27:31Z] free=13195350016B z16_17_134_kissat_proof=1882062848B/7000000000B,rss=104992KB z13_18_117_kissat_proof=2107441152B/5000000000B,rss=88976KB z16_17_133_kissat_proof=stopped(0B)
[2026-08-26T21:28:31Z] free=13171556352B z16_17_134_kissat_proof=1892810752B/7000000000B,rss=117232KB z13_18_117_kissat_proof=2116616192B/5000000000B,rss=123776KB z16_17_133_kissat_proof=stopped(0B)
[2026-08-26T21:29:32Z] free=13156724736B z16_17_134_kissat_proof=1902051328B/7000000000B,rss=102960KB z13_18_117_kissat_proof=2122121216B/5000000000B,rss=91632KB z16_17_133_kissat_proof=stopped(0B)
[2026-08-26T21:30:32Z] free=13145341952B z16_17_134_kissat_proof=1908342784B/7000000000B,rss=98624KB z13_18_117_kissat_proof=2133524480B/5000000000B,rss=128752KB z16_17_133_kissat_proof=stopped(0B)
[2026-08-26T21:31:32Z] free=13129666560B z16_17_134_kissat_proof=1910833152B/7000000000B,rss=107104KB z13_18_117_kissat_proof=2145976320B/5000000000B,rss=98704KB z16_17_133_kissat_proof=stopped(0B)
[2026-08-26T21:32:33Z] free=13109280768B z16_17_134_kissat_proof=1917321216B/7000000000B,rss=90080KB z13_18_117_kissat_proof=2158297088B/5000000000B,rss=122304KB z16_17_133_kissat_proof=stopped(0B)
[2026-08-26T21:33:33Z] free=13075152896B z16_17_134_kissat_proof=1930690560B/7000000000B,rss=100880KB z13_18_117_kissat_proof=2174615552B/5000000000B,rss=122240KB z16_17_133_kissat_proof=stopped(0B)
[2026-08-26T21:34:34Z] free=13045006336B z16_17_134_kissat_proof=1942093824B/7000000000B,rss=164416KB z13_18_117_kissat_proof=2192375808B/5000000000B,rss=117728KB z16_17_133_kissat_proof=stopped(0B)
[2026-08-26T21:35:34Z] free=13026197504B z16_17_134_kissat_proof=1956118528B/7000000000B,rss=144096KB z13_18_117_kissat_proof=2197618688B/5000000000B,rss=137888KB z16_17_133_kissat_proof=stopped(0B)
[2026-08-26T21:36:34Z] free=13000294400B z16_17_134_kissat_proof=1968308224B/7000000000B,rss=145152KB z13_18_117_kissat_proof=2204696576B/5000000000B,rss=110880KB z16_17_133_kissat_proof=stopped(0B)
[2026-08-26T21:37:35Z] free=12986437632B z16_17_134_kissat_proof=1980563456B/7000000000B,rss=134176KB z13_18_117_kissat_proof=2212888576B/5000000000B,rss=98960KB z16_17_133_kissat_proof=stopped(0B)
[2026-08-26T21:38:35Z] free=12965023744B z16_17_134_kissat_proof=1990262784B/7000000000B,rss=84784KB z13_18_117_kissat_proof=2222391296B/5000000000B,rss=89472KB z16_17_133_kissat_proof=stopped(0B)
[2026-08-26T21:39:35Z] free=12944515072B z16_17_134_kissat_proof=1996816384B/7000000000B,rss=70160KB z13_18_117_kissat_proof=2236874752B/5000000000B,rss=102464KB z16_17_133_kissat_proof=stopped(0B)
[2026-08-26T21:40:36Z] free=12919271424B z16_17_134_kissat_proof=2002255872B/7000000000B,rss=103296KB z13_18_117_kissat_proof=2254307328B/5000000000B,rss=99840KB z16_17_133_kissat_proof=stopped(0B)
[2026-08-26T21:41:36Z] free=12903006208B z16_17_134_kissat_proof=2007760896B/7000000000B,rss=91536KB z13_18_117_kissat_proof=2263875584B/5000000000B,rss=132704KB z16_17_133_kissat_proof=stopped(0B)
[2026-08-26T21:42:36Z] free=12886409216B z16_17_134_kissat_proof=2017787904B/7000000000B,rss=88672KB z13_18_117_kissat_proof=2272198656B/5000000000B,rss=105792KB z16_17_133_kissat_proof=stopped(0B)
[2026-08-26T21:43:37Z] free=12860231680B z16_17_134_kissat_proof=2034368512B/7000000000B,rss=99376KB z13_18_117_kissat_proof=2279014400B/5000000000B,rss=94864KB z16_17_133_kissat_proof=stopped(0B)
[2026-08-26T21:44:37Z] free=12844654592B z16_17_134_kissat_proof=2046296064B/7000000000B,rss=101296KB z13_18_117_kissat_proof=2286944256B/5000000000B,rss=106800KB z16_17_133_kissat_proof=stopped(0B)
[2026-08-26T21:45:37Z] free=12825673728B z16_17_134_kissat_proof=2057437184B/7000000000B,rss=107008KB z13_18_117_kissat_proof=2293170176B/5000000000B,rss=109696KB z16_17_133_kissat_proof=stopped(0B)
[2026-08-26T21:46:38Z] free=12793270272B z16_17_134_kissat_proof=2075656192B/7000000000B,rss=115904KB z13_18_117_kissat_proof=2307981312B/5000000000B,rss=130032KB z16_17_133_kissat_proof=stopped(0B)
[2026-08-26T21:47:38Z] free=12771897344B z16_17_134_kissat_proof=2080374784B/7000000000B,rss=114928KB z13_18_117_kissat_proof=2319843328B/5000000000B,rss=99392KB z16_17_133_kissat_proof=stopped(0B)
[2026-08-26T21:48:38Z] free=12753494016B z16_17_134_kissat_proof=2088566784B/7000000000B,rss=88944KB z13_18_117_kissat_proof=2330918912B/5000000000B,rss=101568KB z16_17_133_kissat_proof=stopped(0B)
[2026-08-26T21:49:39Z] free=12735356928B z16_17_134_kissat_proof=2095972352B/7000000000B,rss=121264KB z13_18_117_kissat_proof=2345009152B/5000000000B,rss=104000KB z16_17_133_kissat_proof=stopped(0B)
[2026-08-26T21:50:39Z] free=12708474880B z16_17_134_kissat_proof=2105933824B/7000000000B,rss=112496KB z13_18_117_kissat_proof=2360410112B/5000000000B,rss=141616KB z16_17_133_kissat_proof=stopped(0B)
[2026-08-26T21:51:39Z] free=12683177984B z16_17_134_kissat_proof=2121924608B/7000000000B,rss=109712KB z13_18_117_kissat_proof=2368929792B/5000000000B,rss=132016KB z16_17_133_kissat_proof=stopped(0B)
[2026-08-26T21:52:40Z] free=12663648256B z16_17_134_kissat_proof=2135752704B/7000000000B,rss=187136KB z13_18_117_kissat_proof=2375680000B/5000000000B,rss=126608KB z16_17_133_kissat_proof=stopped(0B)
[2026-08-26T21:53:40Z] free=12656103424B z16_17_134_kissat_proof=2148270080B/7000000000B,rss=112480KB z13_18_117_kissat_proof=2381840384B/5000000000B,rss=92928KB z16_17_133_kissat_proof=stopped(0B)
[2026-08-26T21:54:40Z] free=12638081024B z16_17_134_kissat_proof=2158034944B/7000000000B,rss=124720KB z13_18_117_kissat_proof=2388328448B/5000000000B,rss=82848KB z16_17_133_kissat_proof=stopped(0B)
[2026-08-26T21:55:41Z] free=12616626176B z16_17_134_kissat_proof=2163212288B/7000000000B,rss=102064KB z13_18_117_kissat_proof=2400190464B/5000000000B,rss=99152KB z16_17_133_kissat_proof=stopped(0B)
[2026-08-26T21:56:41Z] free=12594110464B z16_17_134_kissat_proof=2173632512B/7000000000B,rss=87008KB z13_18_117_kissat_proof=2411003904B/5000000000B,rss=88080KB z16_17_133_kissat_proof=stopped(0B)
